// Jest Snapshot v1, https://goo.gl/fbAQLP

exports[`DesktopDisplayContainer should match the snapshot 1`] = `
ShallowWrapper {
  Symbol(enzyme.__root__): [Circular],
  Symbol(enzyme.__unrendered__): <DesktopDisplayContainer
    handleDesktopClick={[Function]}
/>,
  Symbol(enzyme.__renderer__): Object {
    "batchedUpdates": [Function],
    "getNode": [Function],
    "render": [Function],
    "simulateError": [Function],
    "simulateEvent": [Function],
    "unmount": [Function],
  },
  Symbol(enzyme.__node__): Object {
    "instance": null,
    "key": undefined,
    "nodeType": "host",
    "props": Object {
      "children": <div
        className="desktop-button-parent"
>
        <Link
                className="desktop-link-workout"
                onClick={[Function]}
                replace={false}
                to="/workout"
        >
                <button
                        className="desktop-container-button"
                >
                        CREATE NEW WORKOUT
                </button>
        </Link>
        <Link
                className="desktop-link-player"
                onClick={[Function]}
                replace={false}
                to="/music-player"
        >
                <button
                        className="music-player-route"
                >
                        MusicPlayer
                </button>
        </Link>
        <Link
                className="desktop-link-import"
                onClick={[Function]}
                replace={false}
                to="/import"
        >
                <button
                        className="desktop-container-button"
                >
                        IMPORT TRACKS
                </button>
        </Link>
</div>,
      "className": "desktop-display",
    },
    "ref": null,
    "rendered": Object {
      "instance": null,
      "key": undefined,
      "nodeType": "host",
      "props": Object {
        "children": Array [
          <Link
            className="desktop-link-workout"
            onClick={[Function]}
            replace={false}
            to="/workout"
>
            <button
                        className="desktop-container-button"
            >
                        CREATE NEW WORKOUT
            </button>
</Link>,
          <Link
            className="desktop-link-player"
            onClick={[Function]}
            replace={false}
            to="/music-player"
>
            <button
                        className="music-player-route"
            >
                        MusicPlayer
            </button>
</Link>,
          <Link
            className="desktop-link-import"
            onClick={[Function]}
            replace={false}
            to="/import"
>
            <button
                        className="desktop-container-button"
            >
                        IMPORT TRACKS
            </button>
</Link>,
        ],
        "className": "desktop-button-parent",
      },
      "ref": null,
      "rendered": Array [
        Object {
          "instance": null,
          "key": undefined,
          "nodeType": "class",
          "props": Object {
            "children": <button
              className="desktop-container-button"
>
              CREATE NEW WORKOUT
</button>,
            "className": "desktop-link-workout",
            "onClick": [Function],
            "replace": false,
            "to": "/workout",
          },
          "ref": null,
          "rendered": Object {
            "instance": null,
            "key": undefined,
            "nodeType": "host",
            "props": Object {
              "children": "CREATE NEW WORKOUT",
              "className": "desktop-container-button",
            },
            "ref": null,
            "rendered": "CREATE NEW WORKOUT",
            "type": "button",
          },
          "type": [Function],
        },
        Object {
          "instance": null,
          "key": undefined,
          "nodeType": "class",
          "props": Object {
            "children": <button
              className="music-player-route"
>
              MusicPlayer
</button>,
            "className": "desktop-link-player",
            "onClick": [Function],
            "replace": false,
            "to": "/music-player",
          },
          "ref": null,
          "rendered": Object {
            "instance": null,
            "key": undefined,
            "nodeType": "host",
            "props": Object {
              "children": "MusicPlayer",
              "className": "music-player-route",
            },
            "ref": null,
            "rendered": "MusicPlayer",
            "type": "button",
          },
          "type": [Function],
        },
        Object {
          "instance": null,
          "key": undefined,
          "nodeType": "class",
          "props": Object {
            "children": <button
              className="desktop-container-button"
>
              IMPORT TRACKS
</button>,
            "className": "desktop-link-import",
            "onClick": [Function],
            "replace": false,
            "to": "/import",
          },
          "ref": null,
          "rendered": Object {
            "instance": null,
            "key": undefined,
            "nodeType": "host",
            "props": Object {
              "children": "IMPORT TRACKS",
              "className": "desktop-container-button",
            },
            "ref": null,
            "rendered": "IMPORT TRACKS",
            "type": "button",
          },
          "type": [Function],
        },
      ],
      "type": "div",
    },
    "type": "div",
  },
  Symbol(enzyme.__nodes__): Array [
    Object {
      "instance": null,
      "key": undefined,
      "nodeType": "host",
      "props": Object {
        "children": <div
          className="desktop-button-parent"
>
          <Link
                    className="desktop-link-workout"
                    onClick={[Function]}
                    replace={false}
                    to="/workout"
          >
                    <button
                              className="desktop-container-button"
                    >
                              CREATE NEW WORKOUT
                    </button>
          </Link>
          <Link
                    className="desktop-link-player"
                    onClick={[Function]}
                    replace={false}
                    to="/music-player"
          >
                    <button
                              className="music-player-route"
                    >
                              MusicPlayer
                    </button>
          </Link>
          <Link
                    className="desktop-link-import"
                    onClick={[Function]}
                    replace={false}
                    to="/import"
          >
                    <button
                              className="desktop-container-button"
                    >
                              IMPORT TRACKS
                    </button>
          </Link>
</div>,
        "className": "desktop-display",
      },
      "ref": null,
      "rendered": Object {
        "instance": null,
        "key": undefined,
        "nodeType": "host",
        "props": Object {
          "children": Array [
            <Link
              className="desktop-link-workout"
              onClick={[Function]}
              replace={false}
              to="/workout"
>
              <button
                            className="desktop-container-button"
              >
                            CREATE NEW WORKOUT
              </button>
</Link>,
            <Link
              className="desktop-link-player"
              onClick={[Function]}
              replace={false}
              to="/music-player"
>
              <button
                            className="music-player-route"
              >
                            MusicPlayer
              </button>
</Link>,
            <Link
              className="desktop-link-import"
              onClick={[Function]}
              replace={false}
              to="/import"
>
              <button
                            className="desktop-container-button"
              >
                            IMPORT TRACKS
              </button>
</Link>,
          ],
          "className": "desktop-button-parent",
        },
        "ref": null,
        "rendered": Array [
          Object {
            "instance": null,
            "key": undefined,
            "nodeType": "class",
            "props": Object {
              "children": <button
                className="desktop-container-button"
>
                CREATE NEW WORKOUT
</button>,
              "className": "desktop-link-workout",
              "onClick": [Function],
              "replace": false,
              "to": "/workout",
            },
            "ref": null,
            "rendered": Object {
              "instance": null,
              "key": undefined,
              "nodeType": "host",
              "props": Object {
                "children": "CREATE NEW WORKOUT",
                "className": "desktop-container-button",
              },
              "ref": null,
              "rendered": "CREATE NEW WORKOUT",
              "type": "button",
            },
            "type": [Function],
          },
          Object {
            "instance": null,
            "key": undefined,
            "nodeType": "class",
            "props": Object {
              "children": <button
                className="music-player-route"
>
                MusicPlayer
</button>,
              "className": "desktop-link-player",
              "onClick": [Function],
              "replace": false,
              "to": "/music-player",
            },
            "ref": null,
            "rendered": Object {
              "instance": null,
              "key": undefined,
              "nodeType": "host",
              "props": Object {
                "children": "MusicPlayer",
                "className": "music-player-route",
              },
              "ref": null,
              "rendered": "MusicPlayer",
              "type": "button",
            },
            "type": [Function],
          },
          Object {
            "instance": null,
            "key": undefined,
            "nodeType": "class",
            "props": Object {
              "children": <button
                className="desktop-container-button"
>
                IMPORT TRACKS
</button>,
              "className": "desktop-link-import",
              "onClick": [Function],
              "replace": false,
              "to": "/import",
            },
            "ref": null,
            "rendered": Object {
              "instance": null,
              "key": undefined,
              "nodeType": "host",
              "props": Object {
                "children": "IMPORT TRACKS",
                "className": "desktop-container-button",
              },
              "ref": null,
              "rendered": "IMPORT TRACKS",
              "type": "button",
            },
            "type": [Function],
          },
        ],
        "type": "div",
      },
      "type": "div",
    },
  ],
  Symbol(enzyme.__options__): Object {
    "adapter": ReactSixteenAdapter {
      "options": Object {
        "enableComponentDidUpdateOnSetState": true,
        "lifecycles": Object {
          "componentDidUpdate": Object {
            "onSetState": true,
          },
          "getDerivedStateFromProps": true,
          "getSnapshotBeforeUpdate": true,
          "setState": Object {
            "skipsComponentDidUpdateOnNullish": true,
          },
        },
      },
    },
    "attachTo": undefined,
    "hydrateIn": undefined,
  },
}
`;
